     1                                  ;hello.asm
     2                                  section .data
     3 00000000 68656C6C6F2C20776F-         msg db  "hello, world", 10, 0
     3 00000009 726C640A00         
     4 0000000E 0A                          NL  db  0xa; asciii for new line
     5                                  section .bss
     6                                  section .text
     7                                      global main
     8                                  main:
     9 00000000 B801000000                  mov rax, 1      ; 1 = write
    10 00000005 BF01000000                  mov rdi, 1      ; 1 = stdout
    11 0000000A 48BE-                       mov rsi, msg    ; string to display
    11 0000000C [0000000000000000] 
    12 00000014 BA0D000000                  mov rdx, 13     ; length of the string
    13                                  ;    syscall         ; display the string
    14                                  ;    mov rax, 1      ; 1 = write
    15                                  ;    mov rdi, 1      ; 1 = to stdout
    16                                  ;    mov rsi, NL     ; display new line
    17                                  ;    mov rdx, 1      ; length of the string
    18 00000019 0F05                        syscall
    19 0000001B B83C000000                  mov rax, 60     ; 60 = exit
    20 00000020 BF00000000                  mov rdi, 0      ; 0 = success exit code
    21 00000025 0F05                        syscall         ; quit
